---
http_interactions:
- request:
    method: get
    uri: http://localhost:8080/api/endpoints
    body:
      encoding: UTF-8
      string: ''
    headers:
      User-Agent:
      - Faraday v0.12.1
      Accept:
      - "*/*"
      Accept-Encoding:
      - gzip,deflate
      Date:
      - Thu, 06 Jul 2017 19:23:53 GMT
      Content-Type:
      - application/json
      Authorization:
      - Basic dmNldGg0eGN3cWZvb3dwejJlc2k6MWdydHR5YjhvemJlOWF4dDg4amk=
  response:
    status:
      code: 200
      message: OK
    headers:
      Date:
      - Thu, 06 Jul 2017 19:23:53 GMT
      Content-Type:
      - application/json
      Content-Encoding:
      - gzip
      Vary:
      - Accept-Encoding
      Transfer-Encoding:
      - chunked
    body:
      encoding: UTF-8
      string: '["127.0.0.1"]'
    http_version: 
  recorded_at: Thu, 06 Jul 2017 19:23:53 GMT
- request:
    method: get
    uri: http://localhost:8080/api/endpoints
    body:
      encoding: UTF-8
      string: ''
    headers:
      User-Agent:
      - Faraday v0.12.1
      Accept:
      - "*/*"
      Accept-Encoding:
      - gzip,deflate
      Date:
      - Thu, 06 Jul 2017 19:23:53 GMT
      Content-Type:
      - application/json
      Authorization:
      - Basic dmNldGg0eGN3cWZvb3dwejJlc2k6MWdydHR5YjhvemJlOWF4dDg4amk=
  response:
    status:
      code: 200
      message: OK
    headers:
      Date:
      - Thu, 06 Jul 2017 19:23:53 GMT
      Content-Type:
      - application/json
      Content-Encoding:
      - gzip
      Vary:
      - Accept-Encoding
      Transfer-Encoding:
      - chunked
    body:
      encoding: UTF-8
      string: '["127.0.0.1"]'
    http_version: 
  recorded_at: Thu, 06 Jul 2017 19:23:53 GMT
- request:
    method: get
    uri: http://localhost:8080/api/events/icoc0tnol3obe8pas207/production/recents?limit=10&since=60
    body:
      encoding: UTF-8
      string: ''
    headers:
      User-Agent:
      - Faraday v0.12.1
      Accept:
      - "*/*"
      Accept-Encoding:
      - gzip,deflate
      Date:
      - Thu, 06 Jul 2017 19:23:53 GMT
      Content-Type:
      - application/json
      Authorization:
      - Basic dmNldGg0eGN3cWZvb3dwejJlc2k6MWdydHR5YjhvemJlOWF4dDg4amk=
  response:
    status:
      code: 200
      message: OK
    headers:
      Date:
      - Thu, 06 Jul 2017 19:23:53 GMT
      Content-Type:
      - application/json
      Content-Encoding:
      - gzip
      Vary:
      - Accept-Encoding
      Transfer-Encoding:
      - chunked
    body:
      encoding: UTF-8
      string: '[{"@class":"io.binnacle.models.BinnacleEvent","accountId":"bv4sfcz28up6q6bophx4","json":{"message":"This
        is an info message"},"id":"a0119d69-6a45-4304-ac06-8150ef824154","appId":"n7f05b76tr4xsc6slstl","channelId":"icoc0tnol3obe8pas207","date":"2017-07-06","sessionId":"","eventTime":1499367576575,"eventName":"log","clientEventTime":1499367576000,"clientId":"","ipAddress":"0:0:0:0:0:0:0:1","logLevel":"INFO","environment":"production","tags":[],"dismissed":null},{"@class":"io.binnacle.models.BinnacleEvent","accountId":"bv4sfcz28up6q6bophx4","json":{"message":"This
        is an debug message"},"id":"b8cbd6e3-a0af-4e69-92db-e3739e2612c2","appId":"n7f05b76tr4xsc6slstl","channelId":"icoc0tnol3obe8pas207","date":"2017-07-06","sessionId":"","eventTime":1499367577624,"eventName":"log","clientEventTime":1499367577000,"clientId":"","ipAddress":"0:0:0:0:0:0:0:1","logLevel":"DEBUG","environment":"production","tags":[],"dismissed":null},{"@class":"io.binnacle.models.BinnacleEvent","accountId":"bv4sfcz28up6q6bophx4","json":{"message":"transfer
        failed, bad RTN"},"id":"87c208a3-5ae7-4681-94de-e266b9b85b7e","appId":"n7f05b76tr4xsc6slstl","channelId":"icoc0tnol3obe8pas207","date":"2017-07-06","sessionId":"8675309","eventTime":1499368891651,"eventName":"failed_transfer","clientEventTime":1499368891000,"clientId":"","ipAddress":"0:0:0:0:0:0:0:1","logLevel":"INFO","environment":"production","tags":[],"dismissed":null},{"@class":"io.binnacle.models.BinnacleEvent","accountId":"bv4sfcz28up6q6bophx4","json":{"message":"transfer
        failed, bad RTN"},"id":"1a0fdd39-2344-4446-b652-bbebc3ef6dd5","appId":"n7f05b76tr4xsc6slstl","channelId":"icoc0tnol3obe8pas207","date":"2017-07-06","sessionId":"8675309","eventTime":1499368965567,"eventName":"failed_transfer","clientEventTime":1499368965000,"clientId":"","ipAddress":"0:0:0:0:0:0:0:1","logLevel":"INFO","environment":"production","tags":[],"dismissed":null},{"@class":"io.binnacle.models.BinnacleEvent","accountId":"bv4sfcz28up6q6bophx4","json":{"message":"This
        is an debug message"},"id":"b26af3d4-92e5-44d2-9f0b-45e9d9a51ab3","appId":"n7f05b76tr4xsc6slstl","channelId":"icoc0tnol3obe8pas207","date":"2017-07-06","sessionId":"","eventTime":1499368983761,"eventName":"log","clientEventTime":1499368983000,"clientId":"","ipAddress":"0:0:0:0:0:0:0:1","logLevel":"DEBUG","environment":"production","tags":[],"dismissed":null},{"@class":"io.binnacle.models.BinnacleEvent","accountId":"bv4sfcz28up6q6bophx4","json":{"message":"This
        is an info message"},"id":"93b1ef01-8524-43fd-9f1f-c91c0a23de86","appId":"n7f05b76tr4xsc6slstl","channelId":"icoc0tnol3obe8pas207","date":"2017-07-06","sessionId":"","eventTime":1499369001477,"eventName":"log","clientEventTime":1499369001000,"clientId":"","ipAddress":"0:0:0:0:0:0:0:1","logLevel":"INFO","environment":"production","tags":[],"dismissed":null}]'
    http_version: 
  recorded_at: Thu, 06 Jul 2017 19:23:53 GMT
recorded_with: VCR 3.0.3
