---
http_interactions:
- request:
    method: get
    uri: http://localhost:8080/api/endpoints
    body:
      encoding: UTF-8
      string: ''
    headers:
      User-Agent:
      - Faraday v0.12.1
      Accept:
      - "*/*"
      Accept-Encoding:
      - gzip,deflate
      Date:
      - Thu, 06 Jul 2017 19:23:21 GMT
      Content-Type:
      - application/json
      Authorization:
      - Basic dmNldGg0eGN3cWZvb3dwejJlc2k6MWdydHR5YjhvemJlOWF4dDg4amk=
  response:
    status:
      code: 200
      message: OK
    headers:
      Date:
      - Thu, 06 Jul 2017 19:23:21 GMT
      Content-Type:
      - application/json
      Content-Encoding:
      - gzip
      Vary:
      - Accept-Encoding
      Transfer-Encoding:
      - chunked
    body:
      encoding: UTF-8
      string: '["127.0.0.1"]'
    http_version: 
  recorded_at: Thu, 06 Jul 2017 19:23:21 GMT
- request:
    method: get
    uri: http://localhost:8080/api/endpoints
    body:
      encoding: UTF-8
      string: ''
    headers:
      User-Agent:
      - Faraday v0.12.1
      Accept:
      - "*/*"
      Accept-Encoding:
      - gzip,deflate
      Date:
      - Thu, 06 Jul 2017 19:23:21 GMT
      Content-Type:
      - application/json
      Authorization:
      - Basic dmNldGg0eGN3cWZvb3dwejJlc2k6MWdydHR5YjhvemJlOWF4dDg4amk=
  response:
    status:
      code: 200
      message: OK
    headers:
      Date:
      - Thu, 06 Jul 2017 19:23:21 GMT
      Content-Type:
      - application/json
      Content-Encoding:
      - gzip
      Vary:
      - Accept-Encoding
      Transfer-Encoding:
      - chunked
    body:
      encoding: UTF-8
      string: '["127.0.0.1"]'
    http_version: 
  recorded_at: Thu, 06 Jul 2017 19:23:21 GMT
- request:
    method: post
    uri: http://localhost:8080/api/events/icoc0tnol3obe8pas207
    body:
      encoding: UTF-8
      string: '{"channelId":"icoc0tnol3obe8pas207","sessionId":"","clientEventTime":"2017-07-06T15:23:21-0400","eventName":"log","clientId":"","logLevel":"INFO","tags":[],"environment":"production","json":{"message":"This
        is an info message"}}'
    headers:
      User-Agent:
      - Faraday v0.12.1
      Accept:
      - "*/*"
      Accept-Encoding:
      - gzip,deflate
      Date:
      - Thu, 06 Jul 2017 19:23:21 GMT
      Content-Type:
      - application/json
      Authorization:
      - Basic dmNldGg0eGN3cWZvb3dwejJlc2k6MWdydHR5YjhvemJlOWF4dDg4amk=
  response:
    status:
      code: 200
      message: OK
    headers:
      Date:
      - Thu, 06 Jul 2017 19:23:21 GMT
      Content-Type:
      - application/json
      Transfer-Encoding:
      - chunked
    body:
      encoding: UTF-8
      string: '{"message":"Signaled: io.binnacle.models.BinnacleEvent(93b1ef01-8524-43fd-9f1f-c91c0a23de86,
        bv4sfcz28up6q6bophx4, n7f05b76tr4xsc6slstl, icoc0tnol3obe8pas207, 2017-07-06,
        , Thu Jul 06 15:23:21 EDT 2017, log, Thu Jul 06 15:23:21 EDT 2017, , /0:0:0:0:0:0:0:1,
        INFO, production, [], null, {\"message\":\"This is an info message\"})"}'
    http_version: 
  recorded_at: Thu, 06 Jul 2017 19:23:21 GMT
recorded_with: VCR 3.0.3
